lcd.c:22:16:lcd_4bit_intialize	24	static
lcd.c:66:16:lcd_4bit_send_command	24	static
lcd.c:104:16:lcd_4bit_send_char_data	24	static
lcd.c:139:16:lcd_4bit_send_char_data_pos	24	static
lcd.c:160:16:lcd_4bit_send_string	24	static
lcd.c:183:16:lcd_4bit_send_string_pos	32	static
lcd.c:208:16:lcd_4bit_send_custom_char	32	static
lcd.c:232:16:lcd_8bit_intialize	24	static
lcd.c:275:16:lcd_8bit_send_command	24	static
lcd.c:305:16:lcd_8bit_send_char_data	24	static
lcd.c:335:16:lcd_8bit_send_char_data_pos	24	static
lcd.c:355:16:lcd_8bit_send_string	24	static
lcd.c:379:16:lcd_8bit_send_string_pos	32	static
lcd.c:402:16:lcd_8bit_send_custom_char	32	static
lcd.c:427:16:convert_uint8_to_string	24	static
lcd.c:447:16:convert_uint16_to_string	24	static
lcd.c:474:16:convert_uint32_to_string	24	static
lcd.c:494:23:lcd_send_4bits	24	static
lcd.c:511:23:lcd_4bit_send_enable_signal	24	static
lcd.c:528:23:lcd_8bit_send_enable_signal	24	static
lcd.c:545:23:lcd_8bit_set_cursor	24	static
lcd.c:567:23:lcd_4bit_set_cursor	24	static
